// Jest Snapshot v1, https://goo.gl/fbAQLP

exports[`List component tests renders without crashing with required props 1`] = `ShallowWrapper {}`;
