// Jest Snapshot v1, https://goo.gl/fbAQLP

exports[`TaskListItem component tests renders without crashing given required props 1`] = `ShallowWrapper {}`;
