// Jest Snapshot v1, https://goo.gl/fbAQLP

exports[`Remove Items components renders with out crashing 1`] = `ShallowWrapper {}`;
